------------------------------------------------------------
TimeQuest Timing Analyzer Summary
------------------------------------------------------------

Type  : Slow Model Setup 'clock'
Slack : -4.992
TNS   : -75.490

Type  : Slow Model Hold 'clock'
Slack : 0.445
TNS   : 0.000

Type  : Slow Model Recovery 'clock'
Slack : -5.824
TNS   : -5.824

Type  : Slow Model Removal 'clock'
Slack : 4.112
TNS   : 0.000

Type  : Slow Model Minimum Pulse Width 'clock'
Slack : 7.436
TNS   : 0.000

Type  : Slow Model Minimum Pulse Width 'altera_reserved_tck'
Slack : 97.531
TNS   : 0.000

Type  : Fast Model Setup 'clock'
Slack : 3.967
TNS   : 0.000

Type  : Fast Model Hold 'clock'
Slack : 0.215
TNS   : 0.000

Type  : Fast Model Recovery 'clock'
Slack : 3.086
TNS   : 0.000

Type  : Fast Model Removal 'clock'
Slack : 1.292
TNS   : 0.000

Type  : Fast Model Minimum Pulse Width 'clock'
Slack : 7.620
TNS   : 0.000

Type  : Fast Model Minimum Pulse Width 'altera_reserved_tck'
Slack : 97.778
TNS   : 0.000

------------------------------------------------------------
