------------------------------------------------------------
TimeQuest Timing Analyzer Summary
------------------------------------------------------------

Type  : Slow Model Setup 'clock'
Slack : -2.363
TNS   : -34.190

Type  : Slow Model Hold 'clock'
Slack : 0.445
TNS   : 0.000

Type  : Slow Model Recovery 'clock'
Slack : -3.213
TNS   : -3.213

Type  : Slow Model Removal 'clock'
Slack : 3.021
TNS   : 0.000

Type  : Slow Model Minimum Pulse Width 'clock'
Slack : 7.436
TNS   : 0.000

Type  : Slow Model Minimum Pulse Width 'altera_reserved_tck'
Slack : 97.531
TNS   : 0.000

Type  : Fast Model Setup 'clock'
Slack : 5.089
TNS   : 0.000

Type  : Fast Model Hold 'clock'
Slack : 0.215
TNS   : 0.000

Type  : Fast Model Recovery 'clock'
Slack : 4.174
TNS   : 0.000

Type  : Fast Model Removal 'clock'
Slack : 0.837
TNS   : 0.000

Type  : Fast Model Minimum Pulse Width 'clock'
Slack : 7.620
TNS   : 0.000

Type  : Fast Model Minimum Pulse Width 'altera_reserved_tck'
Slack : 97.778
TNS   : 0.000

------------------------------------------------------------
